  Storage Changer /dev/sg7:20 Drives, 304 Slots ( 4 Import/Export )
Data Transfer Element 0:Full (Storage Element 5 Loaded):VolumeTag = S00004L6
Data Transfer Element 1:Empty
Data Transfer Element 2:Empty
Data Transfer Element 3:Empty
Data Transfer Element 4:Empty
Data Transfer Element 5:Empty
Data Transfer Element 6:Empty
Data Transfer Element 7:Empty
Data Transfer Element 8:Empty
Data Transfer Element 9:Empty
Data Transfer Element 10:Empty
Data Transfer Element 11:Empty
Data Transfer Element 12:Empty
Data Transfer Element 13:Empty
Data Transfer Element 14:Empty
Data Transfer Element 15:Empty
Data Transfer Element 16:Empty
Data Transfer Element 17:Empty
Data Transfer Element 18:Empty
Data Transfer Element 19:Empty
      Storage Element 1:Full :VolumeTag=S00000L6
      Storage Element 2:Full :VolumeTag=S00001L6
      Storage Element 3:Full :VolumeTag=S00002L6
      Storage Element 4:Empty
      Storage Element 5:Empty
      Storage Element 6:Empty
      Storage Element 7:Empty
      Storage Element 8:Empty
      Storage Element 9:Empty
      Storage Element 10:Empty
      Storage Element 11:Empty
      Storage Element 12:Empty
      Storage Element 13:Empty
      Storage Element 14:Empty
      Storage Element 15:Empty
      Storage Element 16:Empty
      Storage Element 17:Empty
      Storage Element 18:Empty
      Storage Element 19:Empty
      Storage Element 20:Empty
      Storage Element 21:Empty
      Storage Element 22:Empty
      Storage Element 23:Empty
      Storage Element 24:Empty
      Storage Element 25:Empty
      Storage Element 26:Empty
      Storage Element 27:Empty
      Storage Element 28:Empty
      Storage Element 29:Empty
      Storage Element 30:Empty
      Storage Element 31:Empty
      Storage Element 32:Empty
      Storage Element 33:Empty
      Storage Element 34:Empty
      Storage Element 35:Empty
      Storage Element 36:Empty
      Storage Element 37:Empty
      Storage Element 38:Empty
      Storage Element 39:Empty
      Storage Element 40:Empty
      Storage Element 41:Empty
      Storage Element 42:Empty
      Storage Element 43:Empty
      Storage Element 44:Empty
      Storage Element 45:Empty
      Storage Element 46:Empty
      Storage Element 47:Empty
      Storage Element 48:Empty
      Storage Element 49:Empty
      Storage Element 50:Empty
      Storage Element 51:Empty
      Storage Element 52:Empty
      Storage Element 53:Empty
      Storage Element 54:Empty
      Storage Element 55:Empty
      Storage Element 56:Empty
      Storage Element 57:Empty
      Storage Element 58:Empty
      Storage Element 59:Empty
      Storage Element 60:Empty
      Storage Element 61:Empty
      Storage Element 62:Empty
      Storage Element 63:Empty
      Storage Element 64:Empty
      Storage Element 65:Empty
      Storage Element 66:Empty
      Storage Element 67:Empty
      Storage Element 68:Empty
      Storage Element 69:Empty
      Storage Element 70:Empty
      Storage Element 71:Empty
      Storage Element 72:Empty
      Storage Element 73:Empty
      Storage Element 74:Empty
      Storage Element 75:Empty
      Storage Element 76:Empty
      Storage Element 77:Empty
      Storage Element 78:Empty
      Storage Element 79:Empty
      Storage Element 80:Empty
      Storage Element 81:Empty
      Storage Element 82:Empty
      Storage Element 83:Empty
      Storage Element 84:Empty
      Storage Element 85:Empty
      Storage Element 86:Empty
      Storage Element 87:Empty
      Storage Element 88:Empty
      Storage Element 89:Empty
      Storage Element 90:Empty
      Storage Element 91:Empty
      Storage Element 92:Empty
      Storage Element 93:Empty
      Storage Element 94:Empty
      Storage Element 95:Empty
      Storage Element 96:Empty
      Storage Element 97:Empty
      Storage Element 98:Empty
      Storage Element 99:Empty
      Storage Element 100:Empty
      Storage Element 101:Empty
      Storage Element 102:Empty
      Storage Element 103:Empty
      Storage Element 104:Empty
      Storage Element 105:Empty
      Storage Element 106:Empty
      Storage Element 107:Empty
      Storage Element 108:Empty
      Storage Element 109:Empty
      Storage Element 110:Empty
      Storage Element 111:Empty
      Storage Element 112:Empty
      Storage Element 113:Empty
      Storage Element 114:Empty
      Storage Element 115:Empty
      Storage Element 116:Empty
      Storage Element 117:Empty
      Storage Element 118:Empty
      Storage Element 119:Empty
      Storage Element 120:Empty
      Storage Element 121:Empty
      Storage Element 122:Empty
      Storage Element 123:Empty
      Storage Element 124:Empty
      Storage Element 125:Empty
      Storage Element 126:Empty
      Storage Element 127:Empty
      Storage Element 128:Empty
      Storage Element 129:Empty
      Storage Element 130:Empty
      Storage Element 131:Empty
      Storage Element 132:Empty
      Storage Element 133:Empty
      Storage Element 134:Empty
      Storage Element 135:Empty
      Storage Element 136:Empty
      Storage Element 137:Empty
      Storage Element 138:Empty
      Storage Element 139:Empty
      Storage Element 140:Empty
      Storage Element 141:Empty
      Storage Element 142:Empty
      Storage Element 143:Empty
      Storage Element 144:Empty
      Storage Element 145:Empty
      Storage Element 146:Empty
      Storage Element 147:Empty
      Storage Element 148:Empty
      Storage Element 149:Empty
      Storage Element 150:Empty
      Storage Element 151:Empty
      Storage Element 152:Empty
      Storage Element 153:Empty
      Storage Element 154:Empty
      Storage Element 155:Empty
      Storage Element 156:Empty
      Storage Element 157:Empty
      Storage Element 158:Empty
      Storage Element 159:Empty
      Storage Element 160:Empty
      Storage Element 161:Empty
      Storage Element 162:Empty
      Storage Element 163:Empty
      Storage Element 164:Empty
      Storage Element 165:Empty
      Storage Element 166:Empty
      Storage Element 167:Empty
      Storage Element 168:Empty
      Storage Element 169:Empty
      Storage Element 170:Empty
      Storage Element 171:Empty
      Storage Element 172:Empty
      Storage Element 173:Empty
      Storage Element 174:Empty
      Storage Element 175:Empty
      Storage Element 176:Empty
      Storage Element 177:Empty
      Storage Element 178:Empty
      Storage Element 179:Empty
      Storage Element 180:Empty
      Storage Element 181:Empty
      Storage Element 182:Empty
      Storage Element 183:Empty
      Storage Element 184:Empty
      Storage Element 185:Empty
      Storage Element 186:Empty
      Storage Element 187:Empty
      Storage Element 188:Empty
      Storage Element 189:Empty
      Storage Element 190:Empty
      Storage Element 191:Empty
      Storage Element 192:Empty
      Storage Element 193:Empty
      Storage Element 194:Empty
      Storage Element 195:Empty
      Storage Element 196:Empty
      Storage Element 197:Empty
      Storage Element 198:Empty
      Storage Element 199:Empty
      Storage Element 200:Empty
      Storage Element 201:Empty
      Storage Element 202:Empty
      Storage Element 203:Empty
      Storage Element 204:Empty
      Storage Element 205:Empty
      Storage Element 206:Empty
      Storage Element 207:Empty
      Storage Element 208:Empty
      Storage Element 209:Empty
      Storage Element 210:Empty
      Storage Element 211:Empty
      Storage Element 212:Empty
      Storage Element 213:Empty
      Storage Element 214:Empty
      Storage Element 215:Empty
      Storage Element 216:Empty
      Storage Element 217:Empty
      Storage Element 218:Empty
      Storage Element 219:Empty
      Storage Element 220:Empty
      Storage Element 221:Empty
      Storage Element 222:Empty
      Storage Element 223:Empty
      Storage Element 224:Empty
      Storage Element 225:Empty
      Storage Element 226:Empty
      Storage Element 227:Empty
      Storage Element 228:Empty
      Storage Element 229:Empty
      Storage Element 230:Empty
      Storage Element 231:Empty
      Storage Element 232:Empty
      Storage Element 233:Empty
      Storage Element 234:Empty
      Storage Element 235:Empty
      Storage Element 236:Empty
      Storage Element 237:Empty
      Storage Element 238:Empty
      Storage Element 239:Empty
      Storage Element 240:Empty
      Storage Element 241:Empty
      Storage Element 242:Empty
      Storage Element 243:Empty
      Storage Element 244:Empty
      Storage Element 245:Empty
      Storage Element 246:Empty
      Storage Element 247:Empty
      Storage Element 248:Empty
      Storage Element 249:Empty
      Storage Element 250:Empty
      Storage Element 251:Empty
      Storage Element 252:Empty
      Storage Element 253:Empty
      Storage Element 254:Empty
      Storage Element 255:Empty
      Storage Element 256:Empty
      Storage Element 257:Empty
      Storage Element 258:Empty
      Storage Element 259:Empty
      Storage Element 260:Empty
      Storage Element 261:Empty
      Storage Element 262:Empty
      Storage Element 263:Empty
      Storage Element 264:Empty
      Storage Element 265:Empty
      Storage Element 266:Empty
      Storage Element 267:Empty
      Storage Element 268:Empty
      Storage Element 269:Empty
      Storage Element 270:Empty
      Storage Element 271:Empty
      Storage Element 272:Empty
      Storage Element 273:Empty
      Storage Element 274:Empty
      Storage Element 275:Empty
      Storage Element 276:Empty
      Storage Element 277:Empty
      Storage Element 278:Empty
      Storage Element 279:Empty
      Storage Element 280:Empty
      Storage Element 281:Empty
      Storage Element 282:Empty
      Storage Element 283:Empty
      Storage Element 284:Empty
      Storage Element 285:Empty
      Storage Element 286:Empty
      Storage Element 287:Empty
      Storage Element 288:Empty
      Storage Element 289:Empty
      Storage Element 290:Empty
      Storage Element 291:Empty
      Storage Element 292:Empty
      Storage Element 293:Empty
      Storage Element 294:Empty
      Storage Element 295:Empty
      Storage Element 296:Empty
      Storage Element 297:Empty
      Storage Element 298:Empty
      Storage Element 299:Empty
      Storage Element 300:Full :VolumeTag=CLN000L1
      Storage Element 301 IMPORT/EXPORT:Empty
      Storage Element 302 IMPORT/EXPORT:Empty
      Storage Element 303 IMPORT/EXPORT:Empty
      Storage Element 304 IMPORT/EXPORT:Full :VolumeTag=S00003L6
